// Jest Snapshot v1, https://goo.gl/fbAQLP

exports[`Components: ListItem Should match snapshot 1`] = `
<View
  style={
    Object {
      "alignItems": "center",
      "flexDirection": "row",
      "justifyContent": "space-between",
      "padding": 8,
    }
  }
>
  <Text
    style={
      Object {
        "fontSize": 22,
      }
    }
  >
    Todo item
  </Text>
  <View
    style={
      Object {
        "alignItems": "center",
      }
    }
  >
    <View
      accessible={true}
      clickable={true}
      isTVSelectable={true}
      onClick={[Function]}
      onResponderGrant={[Function]}
      onResponderMove={[Function]}
      onResponderRelease={[Function]}
      onResponderTerminate={[Function]}
      onResponderTerminationRequest={[Function]}
      onStartShouldSetResponder={[Function]}
      style={
        Object {
          "opacity": 1,
        }
      }
    >
      <Text
        style={
          Object {
            "color": "red",
          }
        }
      >
        Delete
      </Text>
    </View>
  </View>
</View>
`;
